I'm sorry, but errors were detected in your script. Please correct the
errors listed below, and try again.


File "game/script.rpy", line 25: expected 'image_name_component' not found.
    show "images/Waluigi.png"
         ^

Ren'Py Version: Ren'Py 7.3.5.606
Wed Sep 09 18:03:00 2020
